20 489882
33999 32876
86102 15096
111263 3871
123543 2911
132483 1955
154844 15698
225192 50377
289508 9195
353168 48266
460368 53105
538749 19078
568206 5316
610558 32586
688795 41163
738956 3642
765489 18877
794770 522
850275 50232
905397 795
954539 44321
