3 9
4 1
15 2
22 0
5 0
1 0
2 0
3 0
4 0
5 0
1 5
7 0
1 11
9 6
1 6
4 1
2 14
10 1
51 1
2 16
10 1
48 3
1 9
1 1
1 10
999999 2
4 0
999997 0
999998 0
999999 0
1000000 0
